// Jest Snapshot v1, https://goo.gl/fbAQLP

exports[`WeatherWidgetHeader component should render correctly 1`] = `
<styled.div>
  <City
    city="York"
  />
  <Temperature
    temperature={
      Object {
        "temp": "45",
      }
    }
  />
  <Wind
    wind={
      Object {
        "speed": 3444,
      }
    }
  />
  <Conditions
    conditions={
      Object {
        "icon": "sun",
      }
    }
  />
</styled.div>
`;
